../Core/Src/main.c:126:5:main	248	static
../Core/Src/main.c:277:6:SystemClock_Config	88	static
../Core/Src/main.c:332:13:MX_ADC1_Init	24	static
../Core/Src/main.c:429:13:MX_I2C2_Init	8	static
../Core/Src/main.c:463:13:MX_SPI1_Init	8	static
../Core/Src/main.c:501:13:MX_USART2_UART_Init	8	static
../Core/Src/main.c:532:13:MX_DMA_Init	16	static
../Core/Src/main.c:550:13:MX_GPIO_Init	48	static
../Core/Src/main.c:600:6:HAL_ADC_ConvCpltCallback	16	static
../Core/Src/main.c:608:6:move_target_position	16	static
../Core/Src/main.c:660:7:adc_raw_to_joystick	24	static
../Core/Src/main.c:683:6:debug_platform	104	static
../Core/Src/main.c:722:10:c_length_to_pot_value	24	static
../Core/Src/main.c:731:6:pack_data	4	static
../Core/Src/main.c:761:6:Error_Handler	8	static
