../Core/Src/NRF24L01.c:35:6:CS_Select	8	static
../Core/Src/NRF24L01.c:40:6:CS_UnSelect	8	static
../Core/Src/NRF24L01.c:46:6:CE_Enable	8	static
../Core/Src/NRF24L01.c:51:6:CE_Disable	8	static
../Core/Src/NRF24L01.c:59:6:nrf24_WriteReg	24	static
../Core/Src/NRF24L01.c:81:6:nrf24_WriteRegMulti	32	static
../Core/Src/NRF24L01.c:110:9:nrf24_ReadReg	24	static
../Core/Src/NRF24L01.c:138:6:nrf24_ReadReg_Multi	32	static
../Core/Src/NRF24L01.c:163:6:nrfsendCmd	24	static
../Core/Src/NRF24L01.c:181:6:nrf24_reset	40	static
../Core/Src/NRF24L01.c:229:6:NRF24_Init	8	static
../Core/Src/NRF24L01.c:259:6:NRF24_TxMode	24	static
../Core/Src/NRF24L01.c:281:9:NRF24_Transmit	24	static
../Core/Src/NRF24L01.c:338:6:NRF24_RxMode	24	static
../Core/Src/NRF24L01.c:378:9:isDataAvailable	24	static
../Core/Src/NRF24L01.c:394:6:NRF24_Receive	24	static
../Core/Src/NRF24L01.c:420:6:NRF24_ReadAll	32	static
../Core/Src/NRF24L01.c:445:9:NRF24_Status	16	static
