../Core/Src/main.c:96:5:main	8	static
../Core/Src/main.c:181:6:SystemClock_Config	88	static
../Core/Src/main.c:236:13:MX_ADC1_Init	24	static
../Core/Src/main.c:333:13:MX_I2C1_Init	8	static
../Core/Src/main.c:367:13:MX_SPI1_Init	8	static
../Core/Src/main.c:405:13:MX_TIM1_Init	96	static
../Core/Src/main.c:492:13:MX_TIM2_Init	64	static
../Core/Src/main.c:553:13:MX_DMA_Init	16	static
../Core/Src/main.c:571:13:MX_GPIO_Init	48	static
../Core/Src/main.c:625:6:unpack_data	4	static
../Core/Src/main.c:647:6:HAL_ADC_ConvCpltCallback	16	static
../Core/Src/main.c:656:6:speed_control	24	static
../Core/Src/main.c:682:6:control_motors	8	static
../Core/Src/main.c:722:6:Error_Handler	4	static,ignoring_inline_asm
